============================= test session starts =============================
platform win32 -- Python 3.11.9, pytest-7.4.3, pluggy-1.6.0 -- C:\Users\DELL\AppData\Local\Programs\Python\Python311\python.exe
cachedir: .pytest_cache
rootdir: C:\Users\DELL\.gemini\antigravity\scratch\10.1
plugins: anyio-3.7.1, langsmith-0.4.59, asyncio-0.21.1, cov-7.0.0
asyncio: mode=Mode.STRICT
collecting ... collected 40 items / 1 error

=================================== ERRORS ====================================
______________________ ERROR collecting test_output.txt _______________________
..\..\..\..\AppData\Local\Programs\Python\Python311\Lib\site-packages\_pytest\runner.py:341: in from_call
    result: Optional[TResult] = func()
..\..\..\..\AppData\Local\Programs\Python\Python311\Lib\site-packages\_pytest\runner.py:372: in <lambda>
    call = CallInfo.from_call(lambda: list(collector.collect()), "collect")
..\..\..\..\AppData\Local\Programs\Python\Python311\Lib\site-packages\_pytest\doctest.py:427: in collect
    text = self.path.read_text(encoding)
..\..\..\..\AppData\Local\Programs\Python\Python311\Lib\pathlib.py:1059: in read_text
    return f.read()
<frozen codecs>:322: in decode
    ???
E   UnicodeDecodeError: 'utf-8' codec can't decode byte 0xff in position 0: invalid start byte
=========================== short test summary info ===========================
ERROR test_output.txt - UnicodeDecodeError: 'utf-8' codec can't decode byte 0...
!!!!!!!!!!!!!!!!!!! Interrupted: 1 error during collection !!!!!!!!!!!!!!!!!!!!
============================== 1 error in 0.29s ===============================
